// Vitest Snapshot v1, https://vitest.dev/guide/snapshot.html

exports[`IdCell default (every other page) > renders exactly as before 1`] = `"<span class="inline-flex items-center gap-1.5 whitespace-nowrap font-mono text-xs leading-none text-gray-600">#000200d2-4f81-418e-8654-d7e59dc6b9be<button type="button" aria-label="Copy ID" title="Copy ID" class="shrink-0 rounded text-gray-400 transition-colors hover:text-brand-600 focus:outline-none focus-visible:ring-2 focus-visible:ring-brand-500"><svg xmlns="http://www.w3.org/2000/svg" width="12" height="12" viewBox="0 0 24 24" fill="none" stroke="currentColor" stroke-width="2" stroke-linecap="round" stroke-linejoin="round" class="lucide lucide-copy " aria-hidden="true"><rect width="14" height="14" x="8" y="8" rx="2" ry="2"></rect><path d="M4 16c-1.1 0-2-.9-2-2V4c0-1.1.9-2 2-2h10c1.1 0 2 .9 2 2"></path></svg></button><span class="sr-only" aria-live="polite"></span></span>"`;
